// Jest Snapshot v1, https://goo.gl/fbAQLP

exports[`Component Props render icon with icon name 1`] = `
<svg
  aria-hidden="true"
  class="lib-icon"
>
  <use
    href="icon"
  />
</svg>
`;
